Testing student creation...
Student creation result: 17
SUCCESS: Student created successfully!
Total students in database: 17
Found new student: ID=10, Name=Test Student New
Photo path: /photos/test.jpg
