Testing student creation with photo_path column...
Student creation result: 11
python : Traceback (most recent call last):
At line:1 char:1
+ python test_student_creation.py > test_output.txt 2>&1
+ ~~~~~~~~~~~~~~~~~~~~~~~~~~~~~~~~~~~~~~~~~~~~~~~~~~~~~~
    + CategoryInfo          : NotSpecified: (Traceback (most recent call last)::String) [], RemoteException
    + FullyQualifiedErrorId : NativeCommandError
 
  File "C:\Users\Yousef Karam\kindergarten-project\test_student_creation.py", line 45, in <module>
    test_student_creation()
    ~~~~~~~~~~~~~~~~~~~~~^^
  File "C:\Users\Yousef Karam\kindergarten-project\test_student_creation.py", line 22, in test_student_creation
    print("\u2705 Student created successfully!")
    ~~~~~^^^^^^^^^^^^^^^^^^^^^^^^^^^^^^^^^^^^
  File "C:\Users\Yousef Karam\AppData\Local\Programs\Python\Python313\Lib\encodings\cp1252.py", line 19, in encode
    return codecs.charmap_encode(input,self.errors,encoding_table)[0]
           ~~~~~~~~~~~~~~~~~~~~~^^^^^^^^^^^^^^^^^^^^^^^^^^^^^^^^^^
UnicodeEncodeError: 'charmap' codec can't encode character '\u2705' in position 0: character maps to <undefined>
